<html>
<body>
<pre>
<h1>µVision Build Log</h1>
<h2>Project:</h2>
D:\VI_rocnik\AVS\cviceni\VL_discovery_projects\template_prj\template_prj.uvproj
Project File Date:  02/15/2011

<h2>Output:</h2>
Clean started: Project: 'template_prj'
   deleting intermediate output files for target 'template_prj'
Build target 'template_prj'
compiling main.c...
compiling stm32f10x_wwdg.c...
compiling misc.c...
compiling stm32f10x_adc.c...
compiling stm32f10x_bkp.c...
compiling stm32f10x_can.c...
compiling stm32f10x_cec.c...
compiling stm32f10x_crc.c...
compiling stm32f10x_dac.c...
compiling stm32f10x_dbgmcu.c...
compiling stm32f10x_dma.c...
compiling stm32f10x_exti.c...
compiling stm32f10x_flash.c...
compiling stm32f10x_fsmc.c...
compiling stm32f10x_gpio.c...
compiling stm32f10x_i2c.c...
compiling stm32f10x_iwdg.c...
compiling stm32f10x_pwr.c...
compiling stm32f10x_rcc.c...
compiling stm32f10x_rtc.c...
compiling stm32f10x_sdio.c...
compiling stm32f10x_spi.c...
compiling stm32f10x_tim.c...
compiling stm32f10x_usart.c...
assembling startup_stm32f10x_md_vl.s...
compiling system_stm32f10x.c...
compiling core_cm3.c...
linking...
Program Size: Code=852 RO-data=320 RW-data=20 ZI-data=1636  
FromELF: creating hex file...
".\output\template_prj.axf" - 0 Error(s), 0 Warning(s).
Clean started: Project: 'template_prj'
   deleting intermediate output files for target 'template_prj'
Build target 'template_prj'
compiling main.c...
compiling stm32f10x_wwdg.c...
compiling misc.c...
compiling stm32f10x_adc.c...
compiling stm32f10x_bkp.c...
compiling stm32f10x_can.c...
compiling stm32f10x_cec.c...
compiling stm32f10x_crc.c...
compiling stm32f10x_dac.c...
compiling stm32f10x_dbgmcu.c...
compiling stm32f10x_dma.c...
compiling stm32f10x_exti.c...
compiling stm32f10x_flash.c...
compiling stm32f10x_fsmc.c...
compiling stm32f10x_gpio.c...
compiling stm32f10x_i2c.c...
compiling stm32f10x_iwdg.c...
compiling stm32f10x_pwr.c...
compiling stm32f10x_rcc.c...
compiling stm32f10x_rtc.c...
compiling stm32f10x_sdio.c...
compiling stm32f10x_spi.c...
compiling stm32f10x_tim.c...
compiling stm32f10x_usart.c...
assembling startup_stm32f10x_md_vl.s...
compiling system_stm32f10x.c...
compiling core_cm3.c...
linking...
Program Size: Code=852 RO-data=320 RW-data=20 ZI-data=1636  
FromELF: creating hex file...
".\output\template_prj.axf" - 0 Error(s), 0 Warning(s).
Load "D:\\VI_rocnik\\AVS\\cviceni\\VL_discovery_projects\\template_prj\\output\\template_prj.AXF" 
Clean started: Project: 'template_prj'
   deleting intermediate output files for target 'template_prj'
Build target 'template_prj'
compiling main.c...
compiling stm32f10x_wwdg.c...
compiling misc.c...
compiling stm32f10x_adc.c...
compiling stm32f10x_bkp.c...
compiling stm32f10x_can.c...
compiling stm32f10x_cec.c...
compiling stm32f10x_crc.c...
compiling stm32f10x_dac.c...
compiling stm32f10x_dbgmcu.c...
compiling stm32f10x_dma.c...
compiling stm32f10x_exti.c...
compiling stm32f10x_flash.c...
compiling stm32f10x_fsmc.c...
compiling stm32f10x_gpio.c...
compiling stm32f10x_i2c.c...
compiling stm32f10x_iwdg.c...
compiling stm32f10x_pwr.c...
compiling stm32f10x_rcc.c...
compiling stm32f10x_rtc.c...
compiling stm32f10x_sdio.c...
compiling stm32f10x_spi.c...
compiling stm32f10x_tim.c...
compiling stm32f10x_usart.c...
assembling startup_stm32f10x_md_vl.s...
compiling system_stm32f10x.c...
compiling core_cm3.c...
linking...
Program Size: Code=852 RO-data=320 RW-data=20 ZI-data=1636  
FromELF: creating hex file...
".\output\processor_code.axf" - 0 Error(s), 0 Warning(s).
Load "D:\\VI_rocnik\\AVS\\cviceni\\VL_discovery_projects\\template_prj\\output\\processor_code.AXF" 
Clean started: Project: 'template_prj'
   deleting intermediate output files for target 'template_prj'
